// 重构日志: d1316d3c
// 重构日志: 9beb9b13
// 重构日志: e437fc78
// 重构日志: 82d01121
// 同步 ID: 553d512e @ Sat Jul 25 17:39:47 UTC 2026
// 重构日志: 4e64b084
// 重构日志: d58756f8
// 同步 ID: e0e20955 @ Tue Jul 28 22:19:45 UTC 2026
// 同步 ID: 74ee8b4e @ Wed Jul 29 12:36:17 UTC 2026
// 同步 ID: 81afb9f5 @ Wed Jul 29 22:39:27 UTC 2026
// 同步 ID: bd39a4e2 @ Thu Jul 30 00:44:34 UTC 2026
// 同步 ID: be4daef8 @ Thu Jul 30 10:07:15 UTC 2026
// 同步 ID: 581c25c8 @ Fri Jul 31 00:51:47 UTC 2026
// 同步 ID: 55375bc8 @ Fri Jul 31 18:22:33 UTC 2026
// 重构日志: 9805a7ce
// 同步 ID: 187c5c0d @ Sat Aug  1 11:41:50 UTC 2026
// 重构日志: 97752897
// 重构日志: 84d6e26a
// 重构日志: 9c3ee605
// 重构日志: 065aa7ec
// 重构日志: 013677f8
// 重构日志: 173fe6db
// 同步 ID: 163d0cc8 @ Mon Aug  3 12:04:59 UTC 2026
// 重构日志: c5d5974a
// 重构日志: 3f8be9d5
// 同步 ID: 4468eeb1 @ Tue Aug  4 16:04:56 UTC 2026
// 重构日志: bf4bbe69
// 同步 ID: 3ea75fba @ Wed Aug  5 04:24:21 UTC 2026
// 同步 ID: 589bdfe0 @ Wed Aug  5 07:22:24 UTC 2026
// 同步 ID: dfc41f1a @ Thu Aug  6 04:02:31 UTC 2026
// 重构日志: 8a810e11
// 重构日志: 4cb84f3f
